{
  "latest_job_id": "job-123",
  "latest_job_status": "failed",
  "cache_disk_pct": 65.1,
  "cache_hit_rate": 32,
  "active_models": [
    "gemma3:1b"
  ],
  "next_run_at": "2025-01-02T02:30:00Z",
  "last_success_at": "2025-01-01T19:45:00Z",
  "man_pages_processed": 222,
  "wiki_articles_loaded": 333,
  "errors": [
    "failed to ingest linux-desktop"
  ]
}
